// Jest Snapshot v1, https://goo.gl/fbAQLP

exports[`generates correct content with default configurations 1`] = `
[MockFunction] {
  "calls": Array [
    Array [
      "/Users/mohsen_azimi/Desktop/NextJsTypedApiWithSwrPlugin/__tests__/__fixtures__/swr-api-types.ts",
      "import { NextApiHandler } from \\"next\\";
import { Fetcher, SWRResponse } from \\"swr\\";
import pages_api_users from \\"pages/api/users\\";


type InferNextApiHandlerResponseType<T extends NextApiHandler> =
  T extends NextApiHandler<infer U> ? U : never;

declare module \\"swr\\" {
  export interface SWRHook {

    <Error = any>(
      key: \\"/api/users\\",
      fetcher?: Fetcher<
        InferNextApiHandlerResponseType<typeof pages_api_users>,
        \\"/api/users\\"
      >
    ): SWRResponse<
      InferNextApiHandlerResponseType<typeof pages_api_users>,
      Error
    >;
  }
}
",
    ],
  ],
  "results": Array [
    Object {
      "type": "return",
      "value": undefined,
    },
  ],
}
`;
